
> dani-selects-redesign@0.1.0 build
> next build

  Γצ▓ Next.js 14.2.0

   Creating an optimized production build ...
 Γ£ף Compiled successfully
   Linting and checking validity of types ...
   Collecting page data ...
node.exe : 
At line:1 char:1
+ & "C:\Program Files\nodejs/node.exe" "C:\Program Files\nodejs/nod
e_mo ...
+ ~~~~~~~~~~~~~~~~~~~~~~~~~~~~~~~~~~~~~~~~~~~~~~~~~~~~~~~~~~~~~~~~~
~~~~
    + CategoryInfo          : NotSpecified: (:String) [], RemoteEx 
   ception
    + FullyQualifiedErrorId : NativeCommandError
 
> Build error occurred
Error: Page "/keystatic_disabled/[[...params]]" is missing "generat
eStaticParams()" so it cannot be used with "output: export" config.
    at C:\Users\deianarie306\.gemini\antigravity\playground\crimson
-gravity\node_modules\next\dist\build\index.js:1294:59
    at process.processTicksAndRejections (node:internal/process/tas
k_queues:103:5)
    at async Span.traceAsyncFn (C:\Users\deianarie306\.gemini\antig
ravity\playground\crimson-gravity\node_modules\next\dist\trace\trac
e.js:154:20)
    at async Promise.all (index 9)
    at async C:\Users\deianarie306\.gemini\antigravity\playground\c
rimson-gravity\node_modules\next\dist\build\index.js:1172:17
    at async Span.traceAsyncFn (C:\Users\deianarie306\.gemini\antig
ravity\playground\crimson-gravity\node_modules\next\dist\trace\trac
e.js:154:20)
    at async C:\Users\deianarie306\.gemini\antigravity\playground\c
rimson-gravity\node_modules\next\dist\build\index.js:1095:124
    at async Span.traceAsyncFn (C:\Users\deianarie306\.gemini\antig
ravity\playground\crimson-gravity\node_modules\next\dist\trace\trac
e.js:154:20)
    at async build (C:\Users\deianarie306\.gemini\antigravity\playg
round\crimson-gravity\node_modules\next\dist\build\index.js:366:9)
